

Start of new Test: Mon Mar  2 11:55:12 2015
